[backblue.gif]
[fade.gif]
[index.html]
[jasig.firat.edu.tr/cas/favicon.ico]
[jasig.firat.edu.tr/cas/images/logo.png]
[www.google.com/recaptcha/apifef7.js]
[jasig.firat.edu.tr/cas/css/plugins/jQuery/jQuery-2.1.4.min.js]
[jasig.firat.edu.tr/cas/css/bootstrap/js/bootstrap.min.js]
[jasig.firat.edu.tr/cas/css/plugins/slimScroll/jquery.slimscroll.min.js]
[jasig.firat.edu.tr/cas/css/plugins/fastclick/fastclick.min.js]
[jasig.firat.edu.tr/cas/css/dist/js/app.min.js]
[jasig.firat.edu.tr/cas/css/plugins/iCheck/icheck.min.js]
[jasig.firat.edu.tr/cas/login6e0e.html]
[jasig.firat.edu.tr/cas/css/bootstrap/fonts/glyphicons-halflings-regular.eot]
[jasig.firat.edu.tr/cas/css/bootstrap/fonts/glyphicons-halflings-regulard41d.eot]
[jasig.firat.edu.tr/cas/css/bootstrap/fonts/glyphicons-halflings-regular.woff]
[jasig.firat.edu.tr/cas/css/bootstrap/fonts/glyphicons-halflings-regular.ttf]
[jasig.firat.edu.tr/cas/css/bootstrap/css/bootstrap.min.css]
[jasig.firat.edu.tr/cas/css/dist/img/boxed-bg.jpg]
[jasig.firat.edu.tr/cas/css/dist/css/AdminLTE.min.css]
[jasig.firat.edu.tr/cas/css/plugins/iCheck/square/red.png]
[jasig.firat.edu.tr/cas/css/plugins/iCheck/square/red@2x.png]
[jasig.firat.edu.tr/cas/css/plugins/iCheck/square/red.css]
[jasig.firat.edu.tr/cas/css/dist/css/skins/_all-skins.min.css]
[jasig.firat.edu.tr/cas/images/info.gif]
[jasig.firat.edu.tr/cas/images/error.gif]
[jasig.firat.edu.tr/cas/images/confirm.gif]
[jasig.firat.edu.tr/cas/css/cas.css]
[jasig.firat.edu.tr/cas/favicon-2.ico]
[jasig.firat.edu.tr/cas/login.html]
[jasig.firat.edu.tr/cas/login6fc5.html]
[www.google.com/recaptcha/api9e3e.js]
[jasig.firat.edu.tr/cas/loginb595.html]
[jasig.firat.edu.tr/cas/login9c57.html]
[jasig.firat.edu.tr/cas/logindfd9.html]
[jasig.firat.edu.tr/cas/css/bootstrap/fonts/glyphicons-halflings-regular.html]
[jasig.firat.edu.tr/cas/css/bootstrap/fonts/glyphicons-halflings-regular.svg]
[jasig.firat.edu.tr/cas/login7038.html]
[jasig.firat.edu.tr/cas/login85fb.html]
[jasig.firat.edu.tr/cas/login9f82.html]
[jasig.firat.edu.tr/cas/logincc1f.html]
[jasig.firat.edu.tr/cas/login59c8.html]
[jasig.firat.edu.tr/cas/login0f41.html]
[jasig.firat.edu.tr/cas/login873f.html]
[jasig.firat.edu.tr/cas/loginb14b.html]
[jasig.firat.edu.tr/cas/login1aa2.html]
[jasig.firat.edu.tr/cas/login5382.html]
